// Jest Snapshot v1, https://goo.gl/fbAQLP

exports[`pruebas en el AppRouter Debe de mostrarse correctamente 1`] = `<AppRouter />`;
