// Jest Snapshot v1, https://goo.gl/fbAQLP

exports[`pruebas en el componente realExample Debe de mostrar correctamente el componente 1`] = `
<div>
  <h1>
      Real example ref  
  </h1>
  <hr />
  <button
    className="btn btn-primary"
    onClick={[Function]}
  >
      Show/Hide 
  </button>
</div>
`;
